
=== 202602 처리 시작 ===
전체 아이템 수: 9

=== 202601 처리 시작 ===
전체 아이템 수: 328

=== 202512 처리 시작 ===
전체 아이템 수: 433

=== 202602 처리 시작 ===
전체 아이템 수: 9

=== 202601 처리 시작 ===
전체 아이템 수: 328

=== 202512 처리 시작 ===
전체 아이템 수: 433

=== 202602 처리 시작 ===
전체 아이템 수: 9

=== 202601 처리 시작 ===
전체 아이템 수: 328

=== 202512 처리 시작 ===
전체 아이템 수: 433

=== 202602 처리 시작 ===
전체 아이템 수: 9
첫 번째 아이템의 모든 필드:
  - aptDong:  
  - aptNm: 꿈마을한신
  - buildYear: 1993
  - buyerGbn: 개인
  - cdealDay:  
  - cdealType:  
  - dealAmount: 158,500
  - dealDay: 4
  - dealMonth: 2
  - dealYear: 2026
  - dealingGbn: 중개거래
  - estateAgentSggNm: 경기 안양시 동안구
  - excluUseAr: 96.66
  - floor: 14
  - jibun: 932-4
  - landLeaseholdGbn: N
  - rgstDate:  
  - sggCd: 41173
  - slerGbn: 개인
  - umdNm: 평촌동
area_node가 None입니다! 사용 가능한 필드:
  - aptDong
  - aptNm
  - buildYear
  - buyerGbn
  - cdealDay
  - cdealType
  - dealAmount
  - dealDay
  - dealMonth
  - dealYear
  - dealingGbn
  - estateAgentSggNm
  - excluUseAr
  - floor
  - jibun
  - landLeaseholdGbn
  - rgstDate
  - sggCd
  - slerGbn
  - umdNm

=== 202601 처리 시작 ===
전체 아이템 수: 328
첫 번째 아이템의 모든 필드:
  - aptDong:  
  - aptNm: HHI브라운빌3차
  - buildYear: 2007
  - buyerGbn: 개인
  - cdealDay:  
  - cdealType:  
  - dealAmount: 57,000
  - dealDay: 10
  - dealMonth: 1
  - dealYear: 2026
  - dealingGbn: 중개거래
  - estateAgentSggNm: 경기 안양시 동안구
  - excluUseAr: 84.9851
  - floor: 5
  - jibun: 940
  - landLeaseholdGbn: N
  - rgstDate:  
  - sggCd: 41173
  - slerGbn: 개인
  - umdNm: 호계동
area_node가 None입니다! 사용 가능한 필드:
  - aptDong
  - aptNm
  - buildYear
  - buyerGbn
  - cdealDay
  - cdealType
  - dealAmount
  - dealDay
  - dealMonth
  - dealYear
  - dealingGbn
  - estateAgentSggNm
  - excluUseAr
  - floor
  - jibun
  - landLeaseholdGbn
  - rgstDate
  - sggCd
  - slerGbn
  - umdNm

=== 202512 처리 시작 ===
전체 아이템 수: 433
첫 번째 아이템의 모든 필드:
  - aptDong:  
  - aptNm: 평촌더샵아이파크
  - buildYear: 2019
  - buyerGbn: 개인
  - cdealDay:  
  - cdealType:  
  - dealAmount: 112,000
  - dealDay: 27
  - dealMonth: 12
  - dealYear: 2025
  - dealingGbn: 중개거래
  - estateAgentSggNm: 경기 안양시 동안구
  - excluUseAr: 74.91
  - floor: 9
  - jibun: 1287
  - landLeaseholdGbn: N
  - rgstDate:  
  - sggCd: 41173
  - slerGbn: 개인
  - umdNm: 호계동
area_node가 None입니다! 사용 가능한 필드:
  - aptDong
  - aptNm
  - buildYear
  - buyerGbn
  - cdealDay
  - cdealType
  - dealAmount
  - dealDay
  - dealMonth
  - dealYear
  - dealingGbn
  - estateAgentSggNm
  - excluUseAr
  - floor
  - jibun
  - landLeaseholdGbn
  - rgstDate
  - sggCd
  - slerGbn
  - umdNm

=== 202602 처리 시작 ===
전체 아이템 수: 9
첫 번째 아이템의 모든 필드:
  - aptDong:  
  - aptNm: 꿈마을한신
  - buildYear: 1993
  - buyerGbn: 개인
  - cdealDay:  
  - cdealType:  
  - dealAmount: 158,500
  - dealDay: 4
  - dealMonth: 2
  - dealYear: 2026
  - dealingGbn: 중개거래
  - estateAgentSggNm: 경기 안양시 동안구
  - excluUseAr: 96.66
  - floor: 14
  - jibun: 932-4
  - landLeaseholdGbn: N
  - rgstDate:  
  - sggCd: 41173
  - slerGbn: 개인
  - umdNm: 평촌동
area_node가 None입니다! 사용 가능한 필드:
  - aptDong
  - aptNm
  - buildYear
  - buyerGbn
  - cdealDay
  - cdealType
  - dealAmount
  - dealDay
  - dealMonth
  - dealYear
  - dealingGbn
  - estateAgentSggNm
  - excluUseAr
  - floor
  - jibun
  - landLeaseholdGbn
  - rgstDate
  - sggCd
  - slerGbn
  - umdNm

=== 202601 처리 시작 ===
전체 아이템 수: 328
첫 번째 아이템의 모든 필드:
  - aptDong:  
  - aptNm: HHI브라운빌3차
  - buildYear: 2007
  - buyerGbn: 개인
  - cdealDay:  
  - cdealType:  
  - dealAmount: 57,000
  - dealDay: 10
  - dealMonth: 1
  - dealYear: 2026
  - dealingGbn: 중개거래
  - estateAgentSggNm: 경기 안양시 동안구
  - excluUseAr: 84.9851
  - floor: 5
  - jibun: 940
  - landLeaseholdGbn: N
  - rgstDate:  
  - sggCd: 41173
  - slerGbn: 개인
  - umdNm: 호계동
area_node가 None입니다! 사용 가능한 필드:
  - aptDong
  - aptNm
  - buildYear
  - buyerGbn
  - cdealDay
  - cdealType
  - dealAmount
  - dealDay
  - dealMonth
  - dealYear
  - dealingGbn
  - estateAgentSggNm
  - excluUseAr
  - floor
  - jibun
  - landLeaseholdGbn
  - rgstDate
  - sggCd
  - slerGbn
  - umdNm

=== 202512 처리 시작 ===
전체 아이템 수: 433
첫 번째 아이템의 모든 필드:
  - aptDong:  
  - aptNm: 평촌더샵아이파크
  - buildYear: 2019
  - buyerGbn: 개인
  - cdealDay:  
  - cdealType:  
  - dealAmount: 112,000
  - dealDay: 27
  - dealMonth: 12
  - dealYear: 2025
  - dealingGbn: 중개거래
  - estateAgentSggNm: 경기 안양시 동안구
  - excluUseAr: 74.91
  - floor: 9
  - jibun: 1287
  - landLeaseholdGbn: N
  - rgstDate:  
  - sggCd: 41173
  - slerGbn: 개인
  - umdNm: 호계동
area_node가 None입니다! 사용 가능한 필드:
  - aptDong
  - aptNm
  - buildYear
  - buyerGbn
  - cdealDay
  - cdealType
  - dealAmount
  - dealDay
  - dealMonth
  - dealYear
  - dealingGbn
  - estateAgentSggNm
  - excluUseAr
  - floor
  - jibun
  - landLeaseholdGbn
  - rgstDate
  - sggCd
  - slerGbn
  - umdNm

=== 202602 처리 시작 ===
전체 아이템 수: 9
첫 번째 아이템의 모든 필드:
  - aptDong:  
  - aptNm: 꿈마을한신
  - buildYear: 1993
  - buyerGbn: 개인
  - cdealDay:  
  - cdealType:  
  - dealAmount: 158,500
  - dealDay: 4
  - dealMonth: 2
  - dealYear: 2026
  - dealingGbn: 중개거래
  - estateAgentSggNm: 경기 안양시 동안구
  - excluUseAr: 96.66
  - floor: 14
  - jibun: 932-4
  - landLeaseholdGbn: N
  - rgstDate:  
  - sggCd: 41173
  - slerGbn: 개인
  - umdNm: 평촌동
area_node가 None입니다! 사용 가능한 필드:
  - aptDong
  - aptNm
  - buildYear
  - buyerGbn
  - cdealDay
  - cdealType
  - dealAmount
  - dealDay
  - dealMonth
  - dealYear
  - dealingGbn
  - estateAgentSggNm
  - excluUseAr
  - floor
  - jibun
  - landLeaseholdGbn
  - rgstDate
  - sggCd
  - slerGbn
  - umdNm

=== 202601 처리 시작 ===
전체 아이템 수: 328
첫 번째 아이템의 모든 필드:
  - aptDong:  
  - aptNm: HHI브라운빌3차
  - buildYear: 2007
  - buyerGbn: 개인
  - cdealDay:  
  - cdealType:  
  - dealAmount: 57,000
  - dealDay: 10
  - dealMonth: 1
  - dealYear: 2026
  - dealingGbn: 중개거래
  - estateAgentSggNm: 경기 안양시 동안구
  - excluUseAr: 84.9851
  - floor: 5
  - jibun: 940
  - landLeaseholdGbn: N
  - rgstDate:  
  - sggCd: 41173
  - slerGbn: 개인
  - umdNm: 호계동
area_node가 None입니다! 사용 가능한 필드:
  - aptDong
  - aptNm
  - buildYear
  - buyerGbn
  - cdealDay
  - cdealType
  - dealAmount
  - dealDay
  - dealMonth
  - dealYear
  - dealingGbn
  - estateAgentSggNm
  - excluUseAr
  - floor
  - jibun
  - landLeaseholdGbn
  - rgstDate
  - sggCd
  - slerGbn
  - umdNm

=== 202512 처리 시작 ===
전체 아이템 수: 433
첫 번째 아이템의 모든 필드:
  - aptDong:  
  - aptNm: 평촌더샵아이파크
  - buildYear: 2019
  - buyerGbn: 개인
  - cdealDay:  
  - cdealType:  
  - dealAmount: 112,000
  - dealDay: 27
  - dealMonth: 12
  - dealYear: 2025
  - dealingGbn: 중개거래
  - estateAgentSggNm: 경기 안양시 동안구
  - excluUseAr: 74.91
  - floor: 9
  - jibun: 1287
  - landLeaseholdGbn: N
  - rgstDate:  
  - sggCd: 41173
  - slerGbn: 개인
  - umdNm: 호계동
area_node가 None입니다! 사용 가능한 필드:
  - aptDong
  - aptNm
  - buildYear
  - buyerGbn
  - cdealDay
  - cdealType
  - dealAmount
  - dealDay
  - dealMonth
  - dealYear
  - dealingGbn
  - estateAgentSggNm
  - excluUseAr
  - floor
  - jibun
  - landLeaseholdGbn
  - rgstDate
  - sggCd
  - slerGbn
  - umdNm

=== 202602 처리 시작 ===
전체 아이템 수: 9
첫 번째 아이템의 모든 필드:
  - aptDong:  
  - aptNm: 꿈마을한신
  - buildYear: 1993
  - buyerGbn: 개인
  - cdealDay:  
  - cdealType:  
  - dealAmount: 158,500
  - dealDay: 4
  - dealMonth: 2
  - dealYear: 2026
  - dealingGbn: 중개거래
  - estateAgentSggNm: 경기 안양시 동안구
  - excluUseAr: 96.66
  - floor: 14
  - jibun: 932-4
  - landLeaseholdGbn: N
  - rgstDate:  
  - sggCd: 41173
  - slerGbn: 개인
  - umdNm: 평촌동
area_node가 None입니다! 사용 가능한 필드:
  - aptDong
  - aptNm
  - buildYear
  - buyerGbn
  - cdealDay
  - cdealType
  - dealAmount
  - dealDay
  - dealMonth
  - dealYear
  - dealingGbn
  - estateAgentSggNm
  - excluUseAr
  - floor
  - jibun
  - landLeaseholdGbn
  - rgstDate
  - sggCd
  - slerGbn
  - umdNm

=== 202601 처리 시작 ===
전체 아이템 수: 328
첫 번째 아이템의 모든 필드:
  - aptDong:  
  - aptNm: HHI브라운빌3차
  - buildYear: 2007
  - buyerGbn: 개인
  - cdealDay:  
  - cdealType:  
  - dealAmount: 57,000
  - dealDay: 10
  - dealMonth: 1
  - dealYear: 2026
  - dealingGbn: 중개거래
  - estateAgentSggNm: 경기 안양시 동안구
  - excluUseAr: 84.9851
  - floor: 5
  - jibun: 940
  - landLeaseholdGbn: N
  - rgstDate:  
  - sggCd: 41173
  - slerGbn: 개인
  - umdNm: 호계동
area_node가 None입니다! 사용 가능한 필드:
  - aptDong
  - aptNm
  - buildYear
  - buyerGbn
  - cdealDay
  - cdealType
  - dealAmount
  - dealDay
  - dealMonth
  - dealYear
  - dealingGbn
  - estateAgentSggNm
  - excluUseAr
  - floor
  - jibun
  - landLeaseholdGbn
  - rgstDate
  - sggCd
  - slerGbn
  - umdNm

=== 202512 처리 시작 ===
전체 아이템 수: 433
첫 번째 아이템의 모든 필드:
  - aptDong:  
  - aptNm: 평촌더샵아이파크
  - buildYear: 2019
  - buyerGbn: 개인
  - cdealDay:  
  - cdealType:  
  - dealAmount: 112,000
  - dealDay: 27
  - dealMonth: 12
  - dealYear: 2025
  - dealingGbn: 중개거래
  - estateAgentSggNm: 경기 안양시 동안구
  - excluUseAr: 74.91
  - floor: 9
  - jibun: 1287
  - landLeaseholdGbn: N
  - rgstDate:  
  - sggCd: 41173
  - slerGbn: 개인
  - umdNm: 호계동
area_node가 None입니다! 사용 가능한 필드:
  - aptDong
  - aptNm
  - buildYear
  - buyerGbn
  - cdealDay
  - cdealType
  - dealAmount
  - dealDay
  - dealMonth
  - dealYear
  - dealingGbn
  - estateAgentSggNm
  - excluUseAr
  - floor
  - jibun
  - landLeaseholdGbn
  - rgstDate
  - sggCd
  - slerGbn
  - umdNm

=== 202602 처리 시작 ===
전체 아이템 수: 9
첫 번째 아이템의 모든 필드:
  - aptDong:  
  - aptNm: 꿈마을한신
  - buildYear: 1993
  - buyerGbn: 개인
  - cdealDay:  
  - cdealType:  
  - dealAmount: 158,500
  - dealDay: 4
  - dealMonth: 2
  - dealYear: 2026
  - dealingGbn: 중개거래
  - estateAgentSggNm: 경기 안양시 동안구
  - excluUseAr: 96.66
  - floor: 14
  - jibun: 932-4
  - landLeaseholdGbn: N
  - rgstDate:  
  - sggCd: 41173
  - slerGbn: 개인
  - umdNm: 평촌동
area_node가 None입니다! 사용 가능한 필드:
  - aptDong
  - aptNm
  - buildYear
  - buyerGbn
  - cdealDay
  - cdealType
  - dealAmount
  - dealDay
  - dealMonth
  - dealYear
  - dealingGbn
  - estateAgentSggNm
  - excluUseAr
  - floor
  - jibun
  - landLeaseholdGbn
  - rgstDate
  - sggCd
  - slerGbn
  - umdNm

=== 202601 처리 시작 ===
전체 아이템 수: 328
첫 번째 아이템의 모든 필드:
  - aptDong:  
  - aptNm: HHI브라운빌3차
  - buildYear: 2007
  - buyerGbn: 개인
  - cdealDay:  
  - cdealType:  
  - dealAmount: 57,000
  - dealDay: 10
  - dealMonth: 1
  - dealYear: 2026
  - dealingGbn: 중개거래
  - estateAgentSggNm: 경기 안양시 동안구
  - excluUseAr: 84.9851
  - floor: 5
  - jibun: 940
  - landLeaseholdGbn: N
  - rgstDate:  
  - sggCd: 41173
  - slerGbn: 개인
  - umdNm: 호계동
area_node가 None입니다! 사용 가능한 필드:
  - aptDong
  - aptNm
  - buildYear
  - buyerGbn
  - cdealDay
  - cdealType
  - dealAmount
  - dealDay
  - dealMonth
  - dealYear
  - dealingGbn
  - estateAgentSggNm
  - excluUseAr
  - floor
  - jibun
  - landLeaseholdGbn
  - rgstDate
  - sggCd
  - slerGbn
  - umdNm

=== 202512 처리 시작 ===
전체 아이템 수: 433
첫 번째 아이템의 모든 필드:
  - aptDong:  
  - aptNm: 평촌더샵아이파크
  - buildYear: 2019
  - buyerGbn: 개인
  - cdealDay:  
  - cdealType:  
  - dealAmount: 112,000
  - dealDay: 27
  - dealMonth: 12
  - dealYear: 2025
  - dealingGbn: 중개거래
  - estateAgentSggNm: 경기 안양시 동안구
  - excluUseAr: 74.91
  - floor: 9
  - jibun: 1287
  - landLeaseholdGbn: N
  - rgstDate:  
  - sggCd: 41173
  - slerGbn: 개인
  - umdNm: 호계동
area_node가 None입니다! 사용 가능한 필드:
  - aptDong
  - aptNm
  - buildYear
  - buyerGbn
  - cdealDay
  - cdealType
  - dealAmount
  - dealDay
  - dealMonth
  - dealYear
  - dealingGbn
  - estateAgentSggNm
  - excluUseAr
  - floor
  - jibun
  - landLeaseholdGbn
  - rgstDate
  - sggCd
  - slerGbn
  - umdNm
